[caitien_amax384_lam0.5] device=cpu | train S[1, 2, 3, 4, 5, 6, 7, 8, 9, 10] | val S[11, 12] | lam=0.5 | lstm=True | acc=False
  nap xong: train 43215 cua so, val 8475 cua so (1s)
  ep   1  loss 1.28316  L_gap 1.23360  L_bnd 0.09913  |  MAE_val(macro) 0.76723  lr 1.00e-03  52.0s
  ep   2  loss 1.22624  L_gap 1.21068  L_bnd 0.03112  |  MAE_val(macro) 0.75475  lr 1.00e-03  52.4s
  ep   3  loss 1.20441  L_gap 1.18935  L_bnd 0.03012  |  MAE_val(macro) 0.71901  lr 1.00e-03  52.5s
  ep   4  loss 1.08395  L_gap 1.07026  L_bnd 0.02737  |  MAE_val(macro) 0.68738  lr 1.00e-03  52.9s
  ep   5  loss 1.07325  L_gap 1.06069  L_bnd 0.02513  |  MAE_val(macro) 0.67890  lr 1.00e-03  53.0s
  ep   6  loss 1.06866  L_gap 1.05634  L_bnd 0.02464  |  MAE_val(macro) 0.68061  lr 1.00e-03  53.9s
  ep   7  loss 1.02987  L_gap 1.01903  L_bnd 0.02168  |  MAE_val(macro) 0.67071  lr 1.00e-03  52.8s
  ep   8  loss 1.04786  L_gap 1.03769  L_bnd 0.02033  |  MAE_val(macro) 0.66913  lr 1.00e-03  52.9s
  ep   9  loss 1.02172  L_gap 1.01115  L_bnd 0.02114  |  MAE_val(macro) 0.66462  lr 1.00e-03  52.5s
  ep  10  loss 1.01796  L_gap 1.00883  L_bnd 0.01826  |  MAE_val(macro) 0.65937  lr 1.00e-03  52.6s
  ep  11  loss 1.03212  L_gap 1.02311  L_bnd 0.01803  |  MAE_val(macro) 0.65332  lr 1.00e-03  52.4s
  ep  12  loss 0.98544  L_gap 0.97669  L_bnd 0.01751  |  MAE_val(macro) 0.65599  lr 1.00e-03  53.5s
  ep  13  loss 0.97701  L_gap 0.96802  L_bnd 0.01797  |  MAE_val(macro) 0.65428  lr 1.00e-03  53.4s
  ep  14  loss 1.00278  L_gap 0.99444  L_bnd 0.01667  |  MAE_val(macro) 0.64512  lr 1.00e-03  52.6s
  ep  15  loss 1.00603  L_gap 0.99766  L_bnd 0.01673  |  MAE_val(macro) 0.64986  lr 1.00e-03  52.3s
  ep  16  loss 0.94943  L_gap 0.94135  L_bnd 0.01616  |  MAE_val(macro) 0.64883  lr 1.00e-03  53.6s
  ep  17  loss 0.99437  L_gap 0.98670  L_bnd 0.01533  |  MAE_val(macro) 0.64920  lr 1.00e-03  53.8s
  ep  18  loss 0.98631  L_gap 0.97867  L_bnd 0.01529  |  MAE_val(macro) 0.64250  lr 1.00e-03  52.9s
  ep  19  loss 0.98825  L_gap 0.98071  L_bnd 0.01508  |  MAE_val(macro) 0.63730  lr 1.00e-03  52.1s
  ep  20  loss 0.98342  L_gap 0.97642  L_bnd 0.01399  |  MAE_val(macro) 0.63804  lr 1.00e-03  52.6s
  ep  21  loss 1.01714  L_gap 1.00997  L_bnd 0.01434  |  MAE_val(macro) 0.63860  lr 1.00e-03  53.5s
  ep  22  loss 0.97172  L_gap 0.96475  L_bnd 0.01395  |  MAE_val(macro) 0.64249  lr 1.00e-03  53.2s
  ep  23  loss 0.95601  L_gap 0.94901  L_bnd 0.01400  |  MAE_val(macro) 0.63335  lr 1.00e-03  53.1s
  ep  24  loss 0.95105  L_gap 0.94443  L_bnd 0.01322  |  MAE_val(macro) 0.63692  lr 1.00e-03  51.8s
  ep  25  loss 0.94756  L_gap 0.94092  L_bnd 0.01329  |  MAE_val(macro) 0.62962  lr 1.00e-03  52.5s
  ep  26  loss 0.94000  L_gap 0.93351  L_bnd 0.01298  |  MAE_val(macro) 0.63039  lr 1.00e-03  53.4s
  ep  27  loss 0.95474  L_gap 0.94850  L_bnd 0.01246  |  MAE_val(macro) 0.63246  lr 1.00e-03  53.9s
  ep  28  loss 1.00828  L_gap 1.00139  L_bnd 0.01377  |  MAE_val(macro) 0.62603  lr 1.00e-03  52.4s
  ep  29  loss 0.94573  L_gap 0.93949  L_bnd 0.01247  |  MAE_val(macro) 0.63202  lr 1.00e-03  53.1s
  ep  30  loss 0.96544  L_gap 0.95925  L_bnd 0.01237  |  MAE_val(macro) 0.62804  lr 1.00e-03  52.5s
  ep  31  loss 0.94203  L_gap 0.93610  L_bnd 0.01186  |  MAE_val(macro) 0.62631  lr 1.00e-03  53.1s
  ep  32  loss 0.93639  L_gap 0.93062  L_bnd 0.01153  |  MAE_val(macro) 0.62575  lr 1.00e-03  52.9s
  ep  33  loss 0.97179  L_gap 0.96590  L_bnd 0.01178  |  MAE_val(macro) 0.63050  lr 1.00e-03  52.5s
  ep  34  loss 0.95958  L_gap 0.95393  L_bnd 0.01130  |  MAE_val(macro) 0.62309  lr 1.00e-03  52.5s
  ep  35  loss 0.94946  L_gap 0.94385  L_bnd 0.01121  |  MAE_val(macro) 0.62409  lr 1.00e-03  52.2s
  ep  36  loss 0.93239  L_gap 0.92663  L_bnd 0.01152  |  MAE_val(macro) 0.62591  lr 1.00e-03  53.0s
  ep  37  loss 0.94840  L_gap 0.94286  L_bnd 0.01108  |  MAE_val(macro) 0.62506  lr 1.00e-03  53.4s
  ep  38  loss 0.93041  L_gap 0.92494  L_bnd 0.01094  |  MAE_val(macro) 0.62711  lr 1.00e-03  55.2s
  ep  39  loss 0.98406  L_gap 0.97882  L_bnd 0.01048  |  MAE_val(macro) 0.62479  lr 1.00e-03  53.0s
  ep  40  loss 0.95357  L_gap 0.94790  L_bnd 0.01135  |  MAE_val(macro) 0.61996  lr 1.00e-03  53.9s
  ep  41  loss 0.91361  L_gap 0.90811  L_bnd 0.01102  |  MAE_val(macro) 0.62321  lr 1.00e-03  53.2s
  ep  42  loss 0.95734  L_gap 0.95190  L_bnd 0.01088  |  MAE_val(macro) 0.61849  lr 1.00e-03  53.7s
  ep  43  loss 0.92238  L_gap 0.91727  L_bnd 0.01021  |  MAE_val(macro) 0.62029  lr 1.00e-03  53.8s
  ep  44  loss 0.93441  L_gap 0.92938  L_bnd 0.01006  |  MAE_val(macro) 0.63915  lr 1.00e-03  53.0s
  ep  45  loss 0.91264  L_gap 0.90768  L_bnd 0.00991  |  MAE_val(macro) 0.62129  lr 1.00e-03  53.2s
  ep  46  loss 0.95353  L_gap 0.94851  L_bnd 0.01003  |  MAE_val(macro) 0.62654  lr 1.00e-03  52.9s
  ep  47  loss 0.92376  L_gap 0.91850  L_bnd 0.01052  |  MAE_val(macro) 0.61922  lr 1.00e-03  53.5s
  ep  48  loss 0.91731  L_gap 0.91259  L_bnd 0.00944  |  MAE_val(macro) 0.62060  lr 5.00e-04  54.1s
  ep  49  loss 0.91502  L_gap 0.91098  L_bnd 0.00809  |  MAE_val(macro) 0.61482  lr 5.00e-04  54.2s
  ep  50  loss 0.88400  L_gap 0.87996  L_bnd 0.00809  |  MAE_val(macro) 0.61385  lr 5.00e-04  53.2s
  ep  51  loss 0.93650  L_gap 0.93215  L_bnd 0.00870  |  MAE_val(macro) 0.61360  lr 5.00e-04  53.1s
  ep  52  loss 0.90439  L_gap 0.90047  L_bnd 0.00784  |  MAE_val(macro) 0.61617  lr 5.00e-04  53.8s
  ep  53  loss 0.94127  L_gap 0.93724  L_bnd 0.00806  |  MAE_val(macro) 0.61450  lr 5.00e-04  53.9s
  ep  54  loss 0.91347  L_gap 0.90951  L_bnd 0.00791  |  MAE_val(macro) 0.61305  lr 5.00e-04  54.3s
  ep  55  loss 0.88761  L_gap 0.88364  L_bnd 0.00793  |  MAE_val(macro) 0.61098  lr 5.00e-04  52.7s
  ep  56  loss 0.92107  L_gap 0.91695  L_bnd 0.00825  |  MAE_val(macro) 0.61296  lr 5.00e-04  52.8s
  ep  57  loss 0.89157  L_gap 0.88761  L_bnd 0.00792  |  MAE_val(macro) 0.61147  lr 5.00e-04  53.0s
  ep  58  loss 0.93954  L_gap 0.93563  L_bnd 0.00782  |  MAE_val(macro) 0.61350  lr 5.00e-04  54.0s
  ep  59  loss 0.90655  L_gap 0.90281  L_bnd 0.00748  |  MAE_val(macro) 0.61586  lr 5.00e-04  53.7s
  ep  60  loss 0.89866  L_gap 0.89467  L_bnd 0.00797  |  MAE_val(macro) 0.61313  lr 5.00e-04  53.4s
  ep  61  loss 0.92465  L_gap 0.92065  L_bnd 0.00801  |  MAE_val(macro) 0.61340  lr 2.50e-04  54.0s
  ep  62  loss 0.89808  L_gap 0.89464  L_bnd 0.00689  |  MAE_val(macro) 0.60832  lr 2.50e-04  54.0s
  ep  63  loss 0.88873  L_gap 0.88538  L_bnd 0.00669  |  MAE_val(macro) 0.60782  lr 2.50e-04  54.4s
  ep  64  loss 0.92580  L_gap 0.92243  L_bnd 0.00674  |  MAE_val(macro) 0.60782  lr 2.50e-04  53.5s
  ep  65  loss 0.89493  L_gap 0.89161  L_bnd 0.00664  |  MAE_val(macro) 0.60807  lr 2.50e-04  53.5s
  ep  66  loss 0.93926  L_gap 0.93585  L_bnd 0.00683  |  MAE_val(macro) 0.60823  lr 2.50e-04  53.9s
  ep  67  loss 0.93613  L_gap 0.93270  L_bnd 0.00687  |  MAE_val(macro) 0.60950  lr 2.50e-04  52.9s
  ep  68  loss 0.90717  L_gap 0.90384  L_bnd 0.00666  |  MAE_val(macro) 0.61019  lr 2.50e-04  53.1s
  ep  69  loss 0.87162  L_gap 0.86819  L_bnd 0.00686  |  MAE_val(macro) 0.60756  lr 2.50e-04  53.6s
  ep  70  loss 0.90485  L_gap 0.90134  L_bnd 0.00702  |  MAE_val(macro) 0.60748  lr 2.50e-04  53.4s
  ep  71  loss 0.91171  L_gap 0.90810  L_bnd 0.00721  |  MAE_val(macro) 0.61044  lr 2.50e-04  52.8s
  ep  72  loss 0.89118  L_gap 0.88786  L_bnd 0.00665  |  MAE_val(macro) 0.61290  lr 2.50e-04  53.1s
  ep  73  loss 0.90587  L_gap 0.90258  L_bnd 0.00659  |  MAE_val(macro) 0.60893  lr 2.50e-04  52.7s
  ep  74  loss 0.93572  L_gap 0.93230  L_bnd 0.00683  |  MAE_val(macro) 0.60862  lr 2.50e-04  54.6s
  ep  75  loss 0.91150  L_gap 0.90812  L_bnd 0.00676  |  MAE_val(macro) 0.60799  lr 2.50e-04  53.7s
  ep  76  loss 0.89187  L_gap 0.88857  L_bnd 0.00660  |  MAE_val(macro) 0.60768  lr 1.25e-04  53.5s
  ep  77  loss 0.92299  L_gap 0.91988  L_bnd 0.00621  |  MAE_val(macro) 0.60894  lr 1.25e-04  53.5s
  ep  78  loss 0.87180  L_gap 0.86870  L_bnd 0.00621  |  MAE_val(macro) 0.60626  lr 1.25e-04  52.8s
  ep  79  loss 0.88998  L_gap 0.88700  L_bnd 0.00597  |  MAE_val(macro) 0.60558  lr 1.25e-04  53.7s
  ep  80  loss 0.91901  L_gap 0.91588  L_bnd 0.00626  |  MAE_val(macro) 0.60619  lr 1.25e-04  52.8s
  ep  81  loss 0.91631  L_gap 0.91324  L_bnd 0.00613  |  MAE_val(macro) 0.60502  lr 1.25e-04  53.1s
  ep  82  loss 0.89324  L_gap 0.89004  L_bnd 0.00639  |  MAE_val(macro) 0.60678  lr 1.25e-04  52.7s
  ep  83  loss 0.90069  L_gap 0.89764  L_bnd 0.00611  |  MAE_val(macro) 0.60625  lr 1.25e-04  53.1s
  ep  84  loss 0.87916  L_gap 0.87605  L_bnd 0.00623  |  MAE_val(macro) 0.60686  lr 1.25e-04  53.7s
  ep  85  loss 0.88872  L_gap 0.88570  L_bnd 0.00603  |  MAE_val(macro) 0.60564  lr 1.25e-04  53.9s
  ep  86  loss 0.89631  L_gap 0.89322  L_bnd 0.00619  |  MAE_val(macro) 0.60637  lr 1.25e-04  52.8s
  ep  87  loss 0.93441  L_gap 0.93145  L_bnd 0.00591  |  MAE_val(macro) 0.60614  lr 6.25e-05  52.9s
  ep  88  loss 0.88950  L_gap 0.88643  L_bnd 0.00614  |  MAE_val(macro) 0.60521  lr 6.25e-05  53.3s
  ep  89  loss 0.90888  L_gap 0.90582  L_bnd 0.00612  |  MAE_val(macro) 0.60486  lr 6.25e-05  52.7s
  ep  90  loss 0.89545  L_gap 0.89249  L_bnd 0.00591  |  MAE_val(macro) 0.60515  lr 6.25e-05  53.0s
  ep  91  loss 0.88426  L_gap 0.88130  L_bnd 0.00590  |  MAE_val(macro) 0.60556  lr 6.25e-05  52.7s
  ep  92  loss 0.91142  L_gap 0.90789  L_bnd 0.00705  |  MAE_val(macro) 0.60512  lr 6.25e-05  53.1s
  ep  93  loss 0.89632  L_gap 0.89340  L_bnd 0.00584  |  MAE_val(macro) 0.60501  lr 6.25e-05  53.6s
  ep  94  loss 0.85170  L_gap 0.84884  L_bnd 0.00573  |  MAE_val(macro) 0.60519  lr 6.25e-05  52.9s
  ep  95  loss 0.89290  L_gap 0.88991  L_bnd 0.00599  |  MAE_val(macro) 0.60517  lr 3.13e-05  52.9s
  ep  96  loss 0.88969  L_gap 0.88686  L_bnd 0.00565  |  MAE_val(macro) 0.60391  lr 3.13e-05  53.5s
  ep  97  loss 0.93650  L_gap 0.93348  L_bnd 0.00603  |  MAE_val(macro) 0.60439  lr 3.13e-05  53.5s
  ep  98  loss 0.86944  L_gap 0.86660  L_bnd 0.00568  |  MAE_val(macro) 0.60444  lr 3.13e-05  53.2s
  ep  99  loss 0.89204  L_gap 0.88902  L_bnd 0.00603  |  MAE_val(macro) 0.60477  lr 3.13e-05  53.0s
  ep 100  loss 0.88835  L_gap 0.88547  L_bnd 0.00576  |  MAE_val(macro) 0.60445  lr 3.13e-05  53.6s
  xong: MAE_val tot nhat 0.60391 tai epoch 96/100, 88.7 phut, 53.2 s/epoch. Ghi caitien_amax384_lam0.5.json, caitien_amax384_lam0.5.pt
