E2: boc tach thanh phan, luoi duoc chi dinh [0.0, 0.1, 0.5, 1.0]
  [co san] e2a_nolstm_lam0
  > D:\nam4_ky1\AI_4_IOT\Module 5 - PROJECT\G6\train.py --id e2a_nolstm_lam0.1 --lam 0.1 --khong_lstm
[e2a_nolstm_lam0.1] device=cpu | train S[1, 2, 3, 4, 5, 6, 7, 8, 9, 10] | val S[11, 12] | lam=0.1 | lstm=False | acc=False
  nap xong: train 43215 cua so, val 8475 cua so (8s)
  ep   1  loss 1.21460  L_gap 1.20441  L_bnd 0.10187  |  MAE_val(macro) 0.73512  lr 1.00e-03  56.5s
  ep   2  loss 1.17687  L_gap 1.17393  L_bnd 0.02932  |  MAE_val(macro) 0.73687  lr 1.00e-03  56.0s
  ep   3  loss 1.16671  L_gap 1.16429  L_bnd 0.02420  |  MAE_val(macro) 0.72630  lr 1.00e-03  58.0s
  ep   4  loss 1.18904  L_gap 1.18678  L_bnd 0.02262  |  MAE_val(macro) 0.72923  lr 1.00e-03  58.7s
  ep   5  loss 1.15703  L_gap 1.15505  L_bnd 0.01982  |  MAE_val(macro) 0.72628  lr 1.00e-03  59.7s
  ep   6  loss 1.15278  L_gap 1.15081  L_bnd 0.01967  |  MAE_val(macro) 0.72248  lr 1.00e-03  44.2s
  ep   7  loss 1.14605  L_gap 1.14423  L_bnd 0.01821  |  MAE_val(macro) 0.71520  lr 1.00e-03  26.5s
  ep   8  loss 1.11546  L_gap 1.11376  L_bnd 0.01699  |  MAE_val(macro) 0.71562  lr 1.00e-03  24.0s
  ep   9  loss 1.18472  L_gap 1.18305  L_bnd 0.01678  |  MAE_val(macro) 0.71433  lr 1.00e-03  22.7s
  ep  10  loss 1.16945  L_gap 1.16778  L_bnd 0.01670  |  MAE_val(macro) 0.71532  lr 1.00e-03  21.9s
  ep  11  loss 1.17247  L_gap 1.17091  L_bnd 0.01556  |  MAE_val(macro) 0.71170  lr 1.00e-03  22.8s
  ep  12  loss 1.14544  L_gap 1.14385  L_bnd 0.01586  |  MAE_val(macro) 0.71420  lr 1.00e-03  22.7s
  ep  13  loss 1.13152  L_gap 1.13002  L_bnd 0.01498  |  MAE_val(macro) 0.71142  lr 1.00e-03  22.3s
  ep  14  loss 1.15801  L_gap 1.15650  L_bnd 0.01514  |  MAE_val(macro) 0.70724  lr 1.00e-03  22.8s
  ep  15  loss 1.19933  L_gap 1.19782  L_bnd 0.01510  |  MAE_val(macro) 0.71104  lr 1.00e-03  22.6s
  ep  16  loss 1.17475  L_gap 1.17332  L_bnd 0.01432  |  MAE_val(macro) 0.70929  lr 1.00e-03  22.0s
  ep  17  loss 1.14093  L_gap 1.13956  L_bnd 0.01375  |  MAE_val(macro) 0.70931  lr 1.00e-03  22.8s
  ep  18  loss 1.14166  L_gap 1.14023  L_bnd 0.01428  |  MAE_val(macro) 0.70476  lr 1.00e-03  22.5s
  ep  19  loss 1.18702  L_gap 1.18564  L_bnd 0.01379  |  MAE_val(macro) 0.70161  lr 1.00e-03  22.1s
  ep  20  loss 1.09776  L_gap 1.09644  L_bnd 0.01322  |  MAE_val(macro) 0.70462  lr 1.00e-03  22.8s
  ep  21  loss 1.15523  L_gap 1.15396  L_bnd 0.01271  |  MAE_val(macro) 0.70296  lr 1.00e-03  22.6s
  ep  22  loss 1.13117  L_gap 1.12988  L_bnd 0.01286  |  MAE_val(macro) 0.70699  lr 1.00e-03  21.9s
  ep  23  loss 1.12106  L_gap 1.11987  L_bnd 0.01191  |  MAE_val(macro) 0.70665  lr 1.00e-03  22.9s
  ep  24  loss 1.13238  L_gap 1.13108  L_bnd 0.01302  |  MAE_val(macro) 0.70900  lr 1.00e-03  22.6s
  ep  25  loss 1.15155  L_gap 1.15024  L_bnd 0.01305  |  MAE_val(macro) 0.71006  lr 5.00e-04  22.2s
  ep  26  loss 1.10126  L_gap 1.10026  L_bnd 0.00998  |  MAE_val(macro) 0.70177  lr 5.00e-04  22.7s
  ep  27  loss 1.12048  L_gap 1.11950  L_bnd 0.00982  |  MAE_val(macro) 0.69892  lr 5.00e-04  22.5s
  ep  28  loss 1.13576  L_gap 1.13481  L_bnd 0.00955  |  MAE_val(macro) 0.70019  lr 5.00e-04  22.1s
  ep  29  loss 1.14570  L_gap 1.14470  L_bnd 0.00996  |  MAE_val(macro) 0.69911  lr 5.00e-04  23.8s
  ep  30  loss 1.15360  L_gap 1.15261  L_bnd 0.00990  |  MAE_val(macro) 0.69897  lr 5.00e-04  22.1s
  ep  31  loss 1.12769  L_gap 1.12674  L_bnd 0.00953  |  MAE_val(macro) 0.69660  lr 5.00e-04  22.1s
  ep  32  loss 1.15213  L_gap 1.15116  L_bnd 0.00971  |  MAE_val(macro) 0.69705  lr 5.00e-04  23.5s
  ep  33  loss 1.13496  L_gap 1.13403  L_bnd 0.00931  |  MAE_val(macro) 0.69685  lr 5.00e-04  22.3s
  ep  34  loss 1.12559  L_gap 1.12465  L_bnd 0.00947  |  MAE_val(macro) 0.69600  lr 5.00e-04  22.2s
  ep  35  loss 1.12329  L_gap 1.12234  L_bnd 0.00948  |  MAE_val(macro) 0.70081  lr 5.00e-04  23.3s
  ep  36  loss 1.12178  L_gap 1.12085  L_bnd 0.00928  |  MAE_val(macro) 0.69748  lr 5.00e-04  22.4s
  ep  37  loss 1.10012  L_gap 1.09918  L_bnd 0.00942  |  MAE_val(macro) 0.69507  lr 5.00e-04  22.4s
  ep  38  loss 1.16513  L_gap 1.16424  L_bnd 0.00896  |  MAE_val(macro) 0.69574  lr 5.00e-04  22.9s
  ep  39  loss 1.10822  L_gap 1.10731  L_bnd 0.00912  |  MAE_val(macro) 0.69549  lr 5.00e-04  22.1s
  ep  40  loss 1.17383  L_gap 1.17291  L_bnd 0.00911  |  MAE_val(macro) 0.69870  lr 5.00e-04  22.6s
  ep  41  loss 1.10594  L_gap 1.10503  L_bnd 0.00913  |  MAE_val(macro) 0.69455  lr 5.00e-04  22.9s
  ep  42  loss 1.13889  L_gap 1.13799  L_bnd 0.00904  |  MAE_val(macro) 0.69684  lr 5.00e-04  21.8s
  ep  43  loss 1.12182  L_gap 1.12085  L_bnd 0.00966  |  MAE_val(macro) 0.69721  lr 5.00e-04  22.7s
  ep  44  loss 1.12480  L_gap 1.12386  L_bnd 0.00945  |  MAE_val(macro) 0.69599  lr 5.00e-04  22.8s
  ep  45  loss 1.14907  L_gap 1.14815  L_bnd 0.00915  |  MAE_val(macro) 0.69535  lr 5.00e-04  22.2s
  ep  46  loss 1.14072  L_gap 1.13982  L_bnd 0.00897  |  MAE_val(macro) 0.69503  lr 5.00e-04  22.7s
  ep  47  loss 1.11119  L_gap 1.11030  L_bnd 0.00885  |  MAE_val(macro) 0.69498  lr 2.50e-04  22.7s
  ep  48  loss 1.14057  L_gap 1.13978  L_bnd 0.00788  |  MAE_val(macro) 0.69255  lr 2.50e-04  22.3s
  ep  49  loss 1.10743  L_gap 1.10663  L_bnd 0.00798  |  MAE_val(macro) 0.69348  lr 2.50e-04  23.1s
  ep  50  loss 1.12262  L_gap 1.12182  L_bnd 0.00801  |  MAE_val(macro) 0.69376  lr 2.50e-04  22.8s
  ep  51  loss 1.10466  L_gap 1.10388  L_bnd 0.00781  |  MAE_val(macro) 0.69163  lr 2.50e-04  22.2s
  ep  52  loss 1.13654  L_gap 1.13575  L_bnd 0.00791  |  MAE_val(macro) 0.69195  lr 2.50e-04  22.9s
  ep  53  loss 1.10027  L_gap 1.09947  L_bnd 0.00795  |  MAE_val(macro) 0.69043  lr 2.50e-04  22.8s
  ep  54  loss 1.10600  L_gap 1.10522  L_bnd 0.00779  |  MAE_val(macro) 0.69143  lr 2.50e-04  22.3s
  ep  55  loss 1.13361  L_gap 1.13283  L_bnd 0.00780  |  MAE_val(macro) 0.69218  lr 2.50e-04  22.8s
  ep  56  loss 1.15236  L_gap 1.15158  L_bnd 0.00780  |  MAE_val(macro) 0.69192  lr 2.50e-04  23.3s
  ep  57  loss 1.13949  L_gap 1.13871  L_bnd 0.00779  |  MAE_val(macro) 0.69069  lr 2.50e-04  22.0s
  ep  58  loss 1.11226  L_gap 1.11146  L_bnd 0.00803  |  MAE_val(macro) 0.69219  lr 2.50e-04  23.0s
  ep  59  loss 1.11831  L_gap 1.11752  L_bnd 0.00788  |  MAE_val(macro) 0.69249  lr 1.25e-04  22.3s
  ep  60  loss 1.16393  L_gap 1.16320  L_bnd 0.00724  |  MAE_val(macro) 0.68998  lr 1.25e-04  22.2s
  ep  61  loss 1.10527  L_gap 1.10453  L_bnd 0.00737  |  MAE_val(macro) 0.69061  lr 1.25e-04  22.9s
  ep  62  loss 1.10979  L_gap 1.10906  L_bnd 0.00730  |  MAE_val(macro) 0.68998  lr 1.25e-04  22.2s
  ep  63  loss 1.13314  L_gap 1.13244  L_bnd 0.00703  |  MAE_val(macro) 0.68976  lr 1.25e-04  22.4s
  ep  64  loss 1.15803  L_gap 1.15732  L_bnd 0.00716  |  MAE_val(macro) 0.69013  lr 1.25e-04  23.0s
  ep  65  loss 1.12050  L_gap 1.11977  L_bnd 0.00731  |  MAE_val(macro) 0.69148  lr 1.25e-04  22.3s
  ep  66  loss 1.12199  L_gap 1.12126  L_bnd 0.00731  |  MAE_val(macro) 0.69077  lr 1.25e-04  22.2s
  ep  67  loss 1.11238  L_gap 1.11167  L_bnd 0.00712  |  MAE_val(macro) 0.68967  lr 1.25e-04  23.1s
  ep  68  loss 1.11862  L_gap 1.11790  L_bnd 0.00719  |  MAE_val(macro) 0.68905  lr 1.25e-04  22.1s
  ep  69  loss 1.08854  L_gap 1.08782  L_bnd 0.00720  |  MAE_val(macro) 0.68907  lr 1.25e-04  22.4s
  ep  70  loss 1.11688  L_gap 1.11616  L_bnd 0.00719  |  MAE_val(macro) 0.69050  lr 1.25e-04  23.0s
  ep  71  loss 1.08934  L_gap 1.08862  L_bnd 0.00714  |  MAE_val(macro) 0.68970  lr 1.25e-04  22.2s
  ep  72  loss 1.13872  L_gap 1.13801  L_bnd 0.00707  |  MAE_val(macro) 0.68969  lr 1.25e-04  23.0s
  ep  73  loss 1.11995  L_gap 1.11923  L_bnd 0.00718  |  MAE_val(macro) 0.68961  lr 1.25e-04  23.2s
  ep  74  loss 1.13577  L_gap 1.13507  L_bnd 0.00706  |  MAE_val(macro) 0.69036  lr 6.25e-05  22.1s
  ep  75  loss 1.12760  L_gap 1.12692  L_bnd 0.00677  |  MAE_val(macro) 0.68907  lr 6.25e-05  22.3s
  ep  76  loss 1.13958  L_gap 1.13889  L_bnd 0.00686  |  MAE_val(macro) 0.68880  lr 6.25e-05  22.7s
  ep  77  loss 1.10132  L_gap 1.10064  L_bnd 0.00679  |  MAE_val(macro) 0.68921  lr 6.25e-05  22.1s
  ep  78  loss 1.12720  L_gap 1.12651  L_bnd 0.00688  |  MAE_val(macro) 0.68901  lr 6.25e-05  22.4s
  ep  79  loss 1.13045  L_gap 1.12975  L_bnd 0.00701  |  MAE_val(macro) 0.68935  lr 6.25e-05  22.8s
  ep  80  loss 1.14588  L_gap 1.14518  L_bnd 0.00693  |  MAE_val(macro) 0.68845  lr 6.25e-05  22.0s
  ep  81  loss 1.12227  L_gap 1.12157  L_bnd 0.00696  |  MAE_val(macro) 0.68937  lr 6.25e-05  22.4s
  ep  82  loss 1.09233  L_gap 1.09165  L_bnd 0.00683  |  MAE_val(macro) 0.68839  lr 6.25e-05  23.3s
  ep  83  loss 1.10049  L_gap 1.09981  L_bnd 0.00677  |  MAE_val(macro) 0.68813  lr 6.25e-05  22.0s
  ep  84  loss 1.11260  L_gap 1.11190  L_bnd 0.00703  |  MAE_val(macro) 0.68849  lr 6.25e-05  23.1s
  ep  85  loss 1.13377  L_gap 1.13306  L_bnd 0.00711  |  MAE_val(macro) 0.68837  lr 6.25e-05  23.3s
  ep  86  loss 1.10168  L_gap 1.10098  L_bnd 0.00692  |  MAE_val(macro) 0.68906  lr 6.25e-05  22.2s
  ep  87  loss 1.07915  L_gap 1.07846  L_bnd 0.00685  |  MAE_val(macro) 0.68904  lr 6.25e-05  22.5s
  ep  88  loss 1.13433  L_gap 1.13365  L_bnd 0.00679  |  MAE_val(macro) 0.68849  lr 6.25e-05  22.7s
  ep  89  loss 1.09752  L_gap 1.09684  L_bnd 0.00680  |  MAE_val(macro) 0.68893  lr 3.13e-05  22.5s
  ep  90  loss 1.14716  L_gap 1.14649  L_bnd 0.00671  |  MAE_val(macro) 0.68799  lr 3.13e-05  22.9s
  ep  91  loss 1.10785  L_gap 1.10717  L_bnd 0.00678  |  MAE_val(macro) 0.68777  lr 3.13e-05  22.3s
  ep  92  loss 1.08978  L_gap 1.08911  L_bnd 0.00667  |  MAE_val(macro) 0.68805  lr 3.13e-05  22.4s
  ep  93  loss 1.13005  L_gap 1.12938  L_bnd 0.00674  |  MAE_val(macro) 0.68842  lr 3.13e-05  22.7s
  ep  94  loss 1.13428  L_gap 1.13360  L_bnd 0.00685  |  MAE_val(macro) 0.68836  lr 3.13e-05  22.6s
  ep  95  loss 1.12228  L_gap 1.12159  L_bnd 0.00694  |  MAE_val(macro) 0.68860  lr 3.13e-05  22.3s
  ep  96  loss 1.10424  L_gap 1.10358  L_bnd 0.00662  |  MAE_val(macro) 0.68825  lr 3.13e-05  22.7s
  ep  97  loss 1.09056  L_gap 1.08988  L_bnd 0.00686  |  MAE_val(macro) 0.68819  lr 1.56e-05  22.5s
  ep  98  loss 1.14926  L_gap 1.14859  L_bnd 0.00671  |  MAE_val(macro) 0.68828  lr 1.56e-05  22.5s
  ep  99  loss 1.14600  L_gap 1.14534  L_bnd 0.00663  |  MAE_val(macro) 0.68854  lr 1.56e-05  22.5s
  ep 100  loss 1.09843  L_gap 1.09778  L_bnd 0.00652  |  MAE_val(macro) 0.68852  lr 1.56e-05  22.3s
  xong: MAE_val tot nhat 0.68777 tai epoch 91/100, 41.0 phut, 24.6 s/epoch. Ghi e2a_nolstm_lam0.1.json, e2a_nolstm_lam0.1.pt
  [co san] e2a_nolstm_lam0.5
  > D:\nam4_ky1\AI_4_IOT\Module 5 - PROJECT\G6\train.py --id e2a_nolstm_lam1 --lam 1.0 --khong_lstm
[e2a_nolstm_lam1] device=cpu | train S[1, 2, 3, 4, 5, 6, 7, 8, 9, 10] | val S[11, 12] | lam=1.0 | lstm=False | acc=False
  nap xong: train 43215 cua so, val 8475 cua so (2s)
  ep   1  loss 1.28658  L_gap 1.21107  L_bnd 0.07551  |  MAE_val(macro) 0.74041  lr 1.00e-03  22.9s
  ep   2  loss 1.19591  L_gap 1.17734  L_bnd 0.01856  |  MAE_val(macro) 0.73172  lr 1.00e-03  22.5s
  ep   3  loss 1.18188  L_gap 1.16724  L_bnd 0.01464  |  MAE_val(macro) 0.72482  lr 1.00e-03  22.0s
  ep   4  loss 1.20131  L_gap 1.18830  L_bnd 0.01301  |  MAE_val(macro) 0.72166  lr 1.00e-03  22.8s
  ep   5  loss 1.16810  L_gap 1.15711  L_bnd 0.01099  |  MAE_val(macro) 0.72566  lr 1.00e-03  22.6s
  ep   6  loss 1.16303  L_gap 1.15251  L_bnd 0.01052  |  MAE_val(macro) 0.72009  lr 1.00e-03  21.9s
  ep   7  loss 1.15581  L_gap 1.14611  L_bnd 0.00969  |  MAE_val(macro) 0.72044  lr 1.00e-03  22.6s
  ep   8  loss 1.12440  L_gap 1.11566  L_bnd 0.00874  |  MAE_val(macro) 0.71750  lr 1.00e-03  22.7s
  ep   9  loss 1.19381  L_gap 1.18502  L_bnd 0.00879  |  MAE_val(macro) 0.71350  lr 1.00e-03  22.8s
  ep  10  loss 1.17905  L_gap 1.17014  L_bnd 0.00891  |  MAE_val(macro) 0.71412  lr 1.00e-03  22.7s
  ep  11  loss 1.18188  L_gap 1.17350  L_bnd 0.00838  |  MAE_val(macro) 0.71628  lr 1.00e-03  22.6s
  ep  12  loss 1.15545  L_gap 1.14760  L_bnd 0.00786  |  MAE_val(macro) 0.71354  lr 1.00e-03  22.0s
  ep  13  loss 1.14169  L_gap 1.13365  L_bnd 0.00804  |  MAE_val(macro) 0.71145  lr 1.00e-03  22.9s
  ep  14  loss 1.16805  L_gap 1.16021  L_bnd 0.00785  |  MAE_val(macro) 0.70898  lr 1.00e-03  22.6s
  ep  15  loss 1.20898  L_gap 1.20140  L_bnd 0.00759  |  MAE_val(macro) 0.70842  lr 1.00e-03  21.9s
  ep  16  loss 1.18462  L_gap 1.17751  L_bnd 0.00711  |  MAE_val(macro) 0.71227  lr 1.00e-03  23.0s
  ep  17  loss 1.15115  L_gap 1.14379  L_bnd 0.00736  |  MAE_val(macro) 0.70656  lr 1.00e-03  22.8s
  ep  18  loss 1.15139  L_gap 1.14425  L_bnd 0.00714  |  MAE_val(macro) 0.70923  lr 1.00e-03  22.1s
  ep  19  loss 1.19663  L_gap 1.18950  L_bnd 0.00712  |  MAE_val(macro) 0.70384  lr 1.00e-03  22.6s
  ep  20  loss 1.10668  L_gap 1.10003  L_bnd 0.00665  |  MAE_val(macro) 0.70848  lr 1.00e-03  22.3s
  ep  21  loss 1.16424  L_gap 1.15752  L_bnd 0.00672  |  MAE_val(macro) 0.70264  lr 1.00e-03  21.9s
  ep  22  loss 1.13948  L_gap 1.13286  L_bnd 0.00662  |  MAE_val(macro) 0.70588  lr 1.00e-03  22.8s
  ep  23  loss 1.12913  L_gap 1.12269  L_bnd 0.00644  |  MAE_val(macro) 0.70495  lr 1.00e-03  22.2s
  ep  24  loss 1.14132  L_gap 1.13429  L_bnd 0.00703  |  MAE_val(macro) 0.71107  lr 1.00e-03  22.6s
  ep  25  loss 1.15875  L_gap 1.15230  L_bnd 0.00645  |  MAE_val(macro) 0.70450  lr 1.00e-03  22.7s
  ep  26  loss 1.11218  L_gap 1.10607  L_bnd 0.00611  |  MAE_val(macro) 0.70232  lr 1.00e-03  22.2s
  ep  27  loss 1.13132  L_gap 1.12543  L_bnd 0.00588  |  MAE_val(macro) 0.70133  lr 1.00e-03  22.6s
  ep  28  loss 1.14608  L_gap 1.14032  L_bnd 0.00576  |  MAE_val(macro) 0.70237  lr 1.00e-03  22.5s
  ep  29  loss 1.15672  L_gap 1.15058  L_bnd 0.00614  |  MAE_val(macro) 0.70226  lr 1.00e-03  22.2s
  ep  30  loss 1.16448  L_gap 1.15854  L_bnd 0.00594  |  MAE_val(macro) 0.69957  lr 1.00e-03  22.6s
  ep  31  loss 1.13703  L_gap 1.13153  L_bnd 0.00549  |  MAE_val(macro) 0.69696  lr 1.00e-03  22.4s
  ep  32  loss 1.16190  L_gap 1.15622  L_bnd 0.00568  |  MAE_val(macro) 0.70190  lr 1.00e-03  22.2s
  ep  33  loss 1.14360  L_gap 1.13793  L_bnd 0.00568  |  MAE_val(macro) 0.70203  lr 1.00e-03  22.7s
  ep  34  loss 1.13506  L_gap 1.12949  L_bnd 0.00557  |  MAE_val(macro) 0.69863  lr 1.00e-03  22.8s
  ep  35  loss 1.13204  L_gap 1.12644  L_bnd 0.00560  |  MAE_val(macro) 0.70836  lr 1.00e-03  22.7s
  ep  36  loss 1.13015  L_gap 1.12469  L_bnd 0.00547  |  MAE_val(macro) 0.70233  lr 1.00e-03  23.6s
  ep  37  loss 1.10832  L_gap 1.10294  L_bnd 0.00539  |  MAE_val(macro) 0.69696  lr 5.00e-04  22.6s
  ep  38  loss 1.16904  L_gap 1.16476  L_bnd 0.00428  |  MAE_val(macro) 0.69473  lr 5.00e-04  22.0s
  ep  39  loss 1.11193  L_gap 1.10779  L_bnd 0.00414  |  MAE_val(macro) 0.69444  lr 5.00e-04  22.6s
  ep  40  loss 1.17761  L_gap 1.17333  L_bnd 0.00428  |  MAE_val(macro) 0.69664  lr 5.00e-04  22.6s
  ep  41  loss 1.10991  L_gap 1.10548  L_bnd 0.00443  |  MAE_val(macro) 0.69437  lr 5.00e-04  22.1s
  ep  42  loss 1.14288  L_gap 1.13862  L_bnd 0.00426  |  MAE_val(macro) 0.69769  lr 5.00e-04  22.6s
  ep  43  loss 1.12567  L_gap 1.12116  L_bnd 0.00451  |  MAE_val(macro) 0.69508  lr 5.00e-04  22.5s
  ep  44  loss 1.12789  L_gap 1.12346  L_bnd 0.00443  |  MAE_val(macro) 0.69583  lr 5.00e-04  22.0s
  ep  45  loss 1.15271  L_gap 1.14858  L_bnd 0.00413  |  MAE_val(macro) 0.69519  lr 5.00e-04  22.6s
  ep  46  loss 1.14387  L_gap 1.13971  L_bnd 0.00416  |  MAE_val(macro) 0.69297  lr 5.00e-04  22.6s
  ep  47  loss 1.11482  L_gap 1.11072  L_bnd 0.00410  |  MAE_val(macro) 0.69362  lr 5.00e-04  22.0s
  ep  48  loss 1.14600  L_gap 1.14208  L_bnd 0.00392  |  MAE_val(macro) 0.69242  lr 5.00e-04  23.0s
  ep  49  loss 1.11323  L_gap 1.10911  L_bnd 0.00411  |  MAE_val(macro) 0.69288  lr 5.00e-04  22.9s
  ep  50  loss 1.12852  L_gap 1.12448  L_bnd 0.00404  |  MAE_val(macro) 0.69299  lr 5.00e-04  22.0s
  ep  51  loss 1.11008  L_gap 1.10601  L_bnd 0.00408  |  MAE_val(macro) 0.69170  lr 5.00e-04  22.7s
  ep  52  loss 1.14196  L_gap 1.13799  L_bnd 0.00397  |  MAE_val(macro) 0.69165  lr 5.00e-04  22.6s
  ep  53  loss 1.10658  L_gap 1.10247  L_bnd 0.00411  |  MAE_val(macro) 0.69197  lr 5.00e-04  22.2s
  ep  54  loss 1.11162  L_gap 1.10776  L_bnd 0.00385  |  MAE_val(macro) 0.69761  lr 5.00e-04  23.1s
  ep  55  loss 1.13939  L_gap 1.13542  L_bnd 0.00398  |  MAE_val(macro) 0.69380  lr 5.00e-04  22.4s
  ep  56  loss 1.15788  L_gap 1.15391  L_bnd 0.00397  |  MAE_val(macro) 0.69197  lr 5.00e-04  22.1s
  ep  57  loss 1.14569  L_gap 1.14168  L_bnd 0.00401  |  MAE_val(macro) 0.69122  lr 5.00e-04  22.9s
  ep  58  loss 1.11753  L_gap 1.11349  L_bnd 0.00404  |  MAE_val(macro) 0.69422  lr 5.00e-04  22.4s
  ep  59  loss 1.12392  L_gap 1.12008  L_bnd 0.00384  |  MAE_val(macro) 0.69084  lr 5.00e-04  22.1s
  ep  60  loss 1.17059  L_gap 1.16675  L_bnd 0.00384  |  MAE_val(macro) 0.69125  lr 5.00e-04  22.9s
  ep  61  loss 1.11119  L_gap 1.10727  L_bnd 0.00392  |  MAE_val(macro) 0.69141  lr 5.00e-04  22.3s
  ep  62  loss 1.11679  L_gap 1.11288  L_bnd 0.00391  |  MAE_val(macro) 0.69441  lr 5.00e-04  23.4s
  ep  63  loss 1.13999  L_gap 1.13628  L_bnd 0.00372  |  MAE_val(macro) 0.69153  lr 5.00e-04  22.4s
  ep  64  loss 1.16451  L_gap 1.16072  L_bnd 0.00379  |  MAE_val(macro) 0.68969  lr 5.00e-04  22.2s
  ep  65  loss 1.12650  L_gap 1.12277  L_bnd 0.00373  |  MAE_val(macro) 0.69268  lr 5.00e-04  22.6s
  ep  66  loss 1.12816  L_gap 1.12436  L_bnd 0.00380  |  MAE_val(macro) 0.69403  lr 5.00e-04  22.4s
  ep  67  loss 1.11901  L_gap 1.11515  L_bnd 0.00385  |  MAE_val(macro) 0.69178  lr 5.00e-04  22.2s
  ep  68  loss 1.12514  L_gap 1.12147  L_bnd 0.00367  |  MAE_val(macro) 0.69276  lr 5.00e-04  22.8s
  ep  69  loss 1.09481  L_gap 1.09107  L_bnd 0.00374  |  MAE_val(macro) 0.69035  lr 5.00e-04  22.5s
  ep  70  loss 1.12317  L_gap 1.11947  L_bnd 0.00370  |  MAE_val(macro) 0.69143  lr 2.50e-04  22.1s
  ep  71  loss 1.09231  L_gap 1.08914  L_bnd 0.00317  |  MAE_val(macro) 0.68893  lr 2.50e-04  22.5s
  ep  72  loss 1.14170  L_gap 1.13855  L_bnd 0.00315  |  MAE_val(macro) 0.68895  lr 2.50e-04  22.5s
  ep  73  loss 1.12317  L_gap 1.11987  L_bnd 0.00329  |  MAE_val(macro) 0.68925  lr 2.50e-04  22.3s
  ep  74  loss 1.13909  L_gap 1.13587  L_bnd 0.00322  |  MAE_val(macro) 0.69032  lr 2.50e-04  22.6s
  ep  75  loss 1.13083  L_gap 1.12773  L_bnd 0.00310  |  MAE_val(macro) 0.68849  lr 2.50e-04  22.7s
  ep  76  loss 1.14304  L_gap 1.13979  L_bnd 0.00324  |  MAE_val(macro) 0.68896  lr 2.50e-04  22.3s
  ep  77  loss 1.10502  L_gap 1.10194  L_bnd 0.00309  |  MAE_val(macro) 0.68889  lr 2.50e-04  22.7s
  ep  78  loss 1.13009  L_gap 1.12693  L_bnd 0.00316  |  MAE_val(macro) 0.68898  lr 2.50e-04  22.6s
  ep  79  loss 1.13368  L_gap 1.13047  L_bnd 0.00321  |  MAE_val(macro) 0.69117  lr 2.50e-04  22.0s
  ep  80  loss 1.14965  L_gap 1.14654  L_bnd 0.00311  |  MAE_val(macro) 0.69152  lr 2.50e-04  22.8s
  ep  81  loss 1.12669  L_gap 1.12343  L_bnd 0.00326  |  MAE_val(macro) 0.68889  lr 1.25e-04  22.6s
  ep  82  loss 1.09472  L_gap 1.09181  L_bnd 0.00291  |  MAE_val(macro) 0.68642  lr 1.25e-04  22.1s
  ep  83  loss 1.10209  L_gap 1.09929  L_bnd 0.00280  |  MAE_val(macro) 0.68575  lr 1.25e-04  22.6s
  ep  84  loss 1.11435  L_gap 1.11146  L_bnd 0.00289  |  MAE_val(macro) 0.68737  lr 1.25e-04  22.8s
  ep  85  loss 1.13548  L_gap 1.13249  L_bnd 0.00298  |  MAE_val(macro) 0.68662  lr 1.25e-04  22.0s
  ep  86  loss 1.10311  L_gap 1.10028  L_bnd 0.00283  |  MAE_val(macro) 0.68697  lr 1.25e-04  22.7s
  ep  87  loss 1.08086  L_gap 1.07801  L_bnd 0.00286  |  MAE_val(macro) 0.68747  lr 1.25e-04  22.5s
  ep  88  loss 1.13586  L_gap 1.13302  L_bnd 0.00285  |  MAE_val(macro) 0.68629  lr 1.25e-04  22.2s
  ep  89  loss 1.09909  L_gap 1.09622  L_bnd 0.00287  |  MAE_val(macro) 0.68713  lr 6.25e-05  23.6s
  ep  90  loss 1.14833  L_gap 1.14565  L_bnd 0.00268  |  MAE_val(macro) 0.68613  lr 6.25e-05  22.5s
  ep  91  loss 1.10918  L_gap 1.10645  L_bnd 0.00273  |  MAE_val(macro) 0.68573  lr 6.25e-05  22.0s
  ep  92  loss 1.09085  L_gap 1.08813  L_bnd 0.00273  |  MAE_val(macro) 0.68575  lr 6.25e-05  23.0s
  ep  93  loss 1.13062  L_gap 1.12795  L_bnd 0.00267  |  MAE_val(macro) 0.68643  lr 6.25e-05  22.4s
  ep  94  loss 1.13534  L_gap 1.13266  L_bnd 0.00268  |  MAE_val(macro) 0.68626  lr 6.25e-05  22.2s
  ep  95  loss 1.12279  L_gap 1.12002  L_bnd 0.00277  |  MAE_val(macro) 0.68731  lr 3.13e-05  23.1s
  ep  96  loss 1.10409  L_gap 1.10149  L_bnd 0.00260  |  MAE_val(macro) 0.68597  lr 3.13e-05  22.1s
  ep  97  loss 1.09092  L_gap 1.08821  L_bnd 0.00272  |  MAE_val(macro) 0.68573  lr 3.13e-05  22.4s
  ep  98  loss 1.14984  L_gap 1.14717  L_bnd 0.00266  |  MAE_val(macro) 0.68562  lr 3.13e-05  22.6s
  ep  99  loss 1.14659  L_gap 1.14400  L_bnd 0.00259  |  MAE_val(macro) 0.68657  lr 3.13e-05  22.2s
  ep 100  loss 1.09881  L_gap 1.09627  L_bnd 0.00254  |  MAE_val(macro) 0.68690  lr 3.13e-05  22.5s
  xong: MAE_val tot nhat 0.68562 tai epoch 98/100, 37.5 phut, 22.5 s/epoch. Ghi e2a_nolstm_lam1.json, e2a_nolstm_lam1.pt
  [co san] e2c_acc_lam0
  > D:\nam4_ky1\AI_4_IOT\Module 5 - PROJECT\G6\train.py --id e2c_acc_lam0.1 --lam 0.1 --acc
[e2c_acc_lam0.1] device=cpu | train S[1, 2, 3, 4, 5, 6, 7, 8, 9, 10] | val S[11, 12] | lam=0.1 | lstm=True | acc=True
  nap xong: train 43215 cua so, val 8475 cua so (5s)
  ep   1  loss 1.24752  L_gap 1.22393  L_bnd 0.23584  |  MAE_val(macro) 0.71462  lr 1.00e-03  49.2s
  ep   2  loss 1.07535  L_gap 1.06427  L_bnd 0.11076  |  MAE_val(macro) 0.64033  lr 1.00e-03  50.7s
  ep   3  loss 1.02118  L_gap 1.01319  L_bnd 0.07986  |  MAE_val(macro) 0.62827  lr 1.00e-03  50.3s
  ep   4  loss 1.02196  L_gap 1.01555  L_bnd 0.06414  |  MAE_val(macro) 0.61799  lr 1.00e-03  50.5s
  ep   5  loss 0.98019  L_gap 0.97458  L_bnd 0.05609  |  MAE_val(macro) 0.60741  lr 1.00e-03  50.2s
  ep   6  loss 0.96836  L_gap 0.96334  L_bnd 0.05022  |  MAE_val(macro) 0.61089  lr 1.00e-03  50.7s
  ep   7  loss 0.95417  L_gap 0.94977  L_bnd 0.04402  |  MAE_val(macro) 0.59772  lr 1.00e-03  51.6s
  ep   8  loss 0.91726  L_gap 0.91309  L_bnd 0.04172  |  MAE_val(macro) 0.59623  lr 1.00e-03  51.0s
  ep   9  loss 0.98388  L_gap 0.97988  L_bnd 0.03998  |  MAE_val(macro) 0.60494  lr 1.00e-03  50.1s
  ep  10  loss 0.96450  L_gap 0.96047  L_bnd 0.04030  |  MAE_val(macro) 0.59755  lr 1.00e-03  50.2s
  ep  11  loss 0.96530  L_gap 0.96157  L_bnd 0.03728  |  MAE_val(macro) 0.58928  lr 1.00e-03  50.9s
  ep  12  loss 0.93216  L_gap 0.92859  L_bnd 0.03569  |  MAE_val(macro) 0.59164  lr 1.00e-03  51.0s
  ep  13  loss 0.91690  L_gap 0.91335  L_bnd 0.03547  |  MAE_val(macro) 0.58755  lr 1.00e-03  50.6s
  ep  14  loss 0.94113  L_gap 0.93780  L_bnd 0.03334  |  MAE_val(macro) 0.57790  lr 1.00e-03  50.3s
  ep  15  loss 0.97939  L_gap 0.97604  L_bnd 0.03353  |  MAE_val(macro) 0.58262  lr 1.00e-03  51.1s
  ep  16  loss 0.95283  L_gap 0.94952  L_bnd 0.03309  |  MAE_val(macro) 0.58033  lr 1.00e-03  51.0s
  ep  17  loss 0.91824  L_gap 0.91511  L_bnd 0.03130  |  MAE_val(macro) 0.58171  lr 1.00e-03  50.9s
  ep  18  loss 0.91584  L_gap 0.91269  L_bnd 0.03152  |  MAE_val(macro) 0.57785  lr 1.00e-03  50.5s
  ep  19  loss 0.95947  L_gap 0.95640  L_bnd 0.03076  |  MAE_val(macro) 0.57430  lr 1.00e-03  51.3s
  ep  20  loss 0.87185  L_gap 0.86895  L_bnd 0.02898  |  MAE_val(macro) 0.57409  lr 1.00e-03  50.7s
  ep  21  loss 0.92370  L_gap 0.92086  L_bnd 0.02841  |  MAE_val(macro) 0.57862  lr 1.00e-03  51.1s
  ep  22  loss 0.89901  L_gap 0.89618  L_bnd 0.02828  |  MAE_val(macro) 0.57781  lr 1.00e-03  50.3s
  ep  23  loss 0.89047  L_gap 0.88770  L_bnd 0.02765  |  MAE_val(macro) 0.57738  lr 1.00e-03  49.9s
  ep  24  loss 0.89897  L_gap 0.89624  L_bnd 0.02733  |  MAE_val(macro) 0.57102  lr 1.00e-03  51.0s
  ep  25  loss 0.91583  L_gap 0.91298  L_bnd 0.02843  |  MAE_val(macro) 0.57057  lr 1.00e-03  51.4s
  ep  26  loss 0.86931  L_gap 0.86666  L_bnd 0.02652  |  MAE_val(macro) 0.57199  lr 1.00e-03  50.3s
  ep  27  loss 0.88623  L_gap 0.88363  L_bnd 0.02595  |  MAE_val(macro) 0.57274  lr 1.00e-03  50.1s
  ep  28  loss 0.90278  L_gap 0.90024  L_bnd 0.02545  |  MAE_val(macro) 0.56936  lr 1.00e-03  51.0s
  ep  29  loss 0.91001  L_gap 0.90738  L_bnd 0.02630  |  MAE_val(macro) 0.56941  lr 1.00e-03  50.9s
  ep  30  loss 0.91705  L_gap 0.91450  L_bnd 0.02556  |  MAE_val(macro) 0.57249  lr 1.00e-03  51.1s
  ep  31  loss 0.88653  L_gap 0.88395  L_bnd 0.02581  |  MAE_val(macro) 0.57154  lr 1.00e-03  50.7s
  ep  32  loss 0.91567  L_gap 0.91314  L_bnd 0.02525  |  MAE_val(macro) 0.57181  lr 1.00e-03  50.5s
  ep  33  loss 0.89438  L_gap 0.89200  L_bnd 0.02380  |  MAE_val(macro) 0.57062  lr 1.00e-03  51.1s
  ep  34  loss 0.88162  L_gap 0.87921  L_bnd 0.02413  |  MAE_val(macro) 0.57645  lr 5.00e-04  50.9s
  ep  35  loss 0.86966  L_gap 0.86747  L_bnd 0.02184  |  MAE_val(macro) 0.56148  lr 5.00e-04  50.3s
  ep  36  loss 0.86482  L_gap 0.86268  L_bnd 0.02140  |  MAE_val(macro) 0.56232  lr 5.00e-04  50.2s
  ep  37  loss 0.84603  L_gap 0.84394  L_bnd 0.02088  |  MAE_val(macro) 0.55941  lr 5.00e-04  51.1s
  ep  38  loss 0.90543  L_gap 0.90338  L_bnd 0.02054  |  MAE_val(macro) 0.56010  lr 5.00e-04  51.0s
  ep  39  loss 0.85192  L_gap 0.84984  L_bnd 0.02081  |  MAE_val(macro) 0.56271  lr 5.00e-04  50.8s
  ep  40  loss 0.91269  L_gap 0.91058  L_bnd 0.02105  |  MAE_val(macro) 0.56130  lr 5.00e-04  50.5s
  ep  41  loss 0.84634  L_gap 0.84423  L_bnd 0.02105  |  MAE_val(macro) 0.56318  lr 5.00e-04  50.7s
  ep  42  loss 0.88118  L_gap 0.87904  L_bnd 0.02145  |  MAE_val(macro) 0.56148  lr 5.00e-04  51.5s
  ep  43  loss 0.86601  L_gap 0.86392  L_bnd 0.02090  |  MAE_val(macro) 0.55913  lr 5.00e-04  51.6s
  ep  44  loss 0.86214  L_gap 0.86002  L_bnd 0.02115  |  MAE_val(macro) 0.56063  lr 5.00e-04  50.3s
  ep  45  loss 0.88390  L_gap 0.88184  L_bnd 0.02061  |  MAE_val(macro) 0.56453  lr 5.00e-04  50.6s
  ep  46  loss 0.87909  L_gap 0.87703  L_bnd 0.02064  |  MAE_val(macro) 0.55830  lr 5.00e-04  51.1s
  ep  47  loss 0.85040  L_gap 0.84837  L_bnd 0.02028  |  MAE_val(macro) 0.56143  lr 5.00e-04  50.8s
  ep  48  loss 0.87859  L_gap 0.87654  L_bnd 0.02043  |  MAE_val(macro) 0.56200  lr 5.00e-04  50.3s
  ep  49  loss 0.84847  L_gap 0.84641  L_bnd 0.02056  |  MAE_val(macro) 0.55825  lr 5.00e-04  50.2s
  ep  50  loss 0.85901  L_gap 0.85697  L_bnd 0.02044  |  MAE_val(macro) 0.56282  lr 5.00e-04  51.0s
  ep  51  loss 0.84709  L_gap 0.84511  L_bnd 0.01976  |  MAE_val(macro) 0.56054  lr 5.00e-04  51.0s
  ep  52  loss 0.87382  L_gap 0.87183  L_bnd 0.01991  |  MAE_val(macro) 0.56165  lr 2.50e-04  50.8s
  ep  53  loss 0.83334  L_gap 0.83147  L_bnd 0.01865  |  MAE_val(macro) 0.55590  lr 2.50e-04  50.2s
  ep  54  loss 0.82984  L_gap 0.82800  L_bnd 0.01836  |  MAE_val(macro) 0.55660  lr 2.50e-04  51.5s
  ep  55  loss 0.86619  L_gap 0.86434  L_bnd 0.01850  |  MAE_val(macro) 0.55981  lr 2.50e-04  50.8s
  ep  56  loss 0.88057  L_gap 0.87874  L_bnd 0.01834  |  MAE_val(macro) 0.55485  lr 2.50e-04  51.0s
  ep  57  loss 0.86900  L_gap 0.86722  L_bnd 0.01787  |  MAE_val(macro) 0.55542  lr 2.50e-04  50.3s
  ep  58  loss 0.84323  L_gap 0.84142  L_bnd 0.01806  |  MAE_val(macro) 0.55559  lr 2.50e-04  50.5s
  ep  59  loss 0.83949  L_gap 0.83768  L_bnd 0.01806  |  MAE_val(macro) 0.55705  lr 2.50e-04  51.2s
  ep  60  loss 0.88696  L_gap 0.88515  L_bnd 0.01807  |  MAE_val(macro) 0.55691  lr 2.50e-04  51.0s
  ep  61  loss 0.83325  L_gap 0.83146  L_bnd 0.01793  |  MAE_val(macro) 0.55537  lr 2.50e-04  51.3s
  ep  62  loss 0.83053  L_gap 0.82871  L_bnd 0.01819  |  MAE_val(macro) 0.55690  lr 1.25e-04  50.4s
  ep  63  loss 0.85118  L_gap 0.84939  L_bnd 0.01783  |  MAE_val(macro) 0.55720  lr 1.25e-04  50.8s
  ep  64  loss 0.87830  L_gap 0.87652  L_bnd 0.01785  |  MAE_val(macro) 0.55448  lr 1.25e-04  50.6s
  ep  65  loss 0.84095  L_gap 0.83921  L_bnd 0.01745  |  MAE_val(macro) 0.55573  lr 1.25e-04  50.8s
  ep  66  loss 0.83850  L_gap 0.83676  L_bnd 0.01739  |  MAE_val(macro) 0.55546  lr 1.25e-04  50.9s
  ep  67  loss 0.83301  L_gap 0.83125  L_bnd 0.01760  |  MAE_val(macro) 0.55591  lr 1.25e-04  50.7s
  ep  68  loss 0.84028  L_gap 0.83856  L_bnd 0.01715  |  MAE_val(macro) 0.55691  lr 1.25e-04  50.6s
  ep  69  loss 0.81456  L_gap 0.81288  L_bnd 0.01677  |  MAE_val(macro) 0.55513  lr 1.25e-04  51.4s
  ep  70  loss 0.84250  L_gap 0.84082  L_bnd 0.01684  |  MAE_val(macro) 0.55525  lr 6.25e-05  50.3s
  ep  71  loss 0.80718  L_gap 0.80554  L_bnd 0.01638  |  MAE_val(macro) 0.55538  lr 6.25e-05  50.5s
  ep  72  loss 0.85672  L_gap 0.85506  L_bnd 0.01665  |  MAE_val(macro) 0.55389  lr 6.25e-05  51.0s
  ep  73  loss 0.83584  L_gap 0.83416  L_bnd 0.01676  |  MAE_val(macro) 0.55522  lr 6.25e-05  50.8s
  ep  74  loss 0.84672  L_gap 0.84505  L_bnd 0.01664  |  MAE_val(macro) 0.55534  lr 6.25e-05  50.5s
  ep  75  loss 0.84067  L_gap 0.83900  L_bnd 0.01676  |  MAE_val(macro) 0.55441  lr 6.25e-05  50.6s
  ep  76  loss 0.84994  L_gap 0.84826  L_bnd 0.01684  |  MAE_val(macro) 0.55602  lr 6.25e-05  50.8s
  ep  77  loss 0.82210  L_gap 0.82044  L_bnd 0.01652  |  MAE_val(macro) 0.55604  lr 6.25e-05  50.9s
  ep  78  loss 0.84010  L_gap 0.83843  L_bnd 0.01670  |  MAE_val(macro) 0.55586  lr 3.13e-05  51.7s
  ep  79  loss 0.84110  L_gap 0.83944  L_bnd 0.01662  |  MAE_val(macro) 0.55480  lr 3.13e-05  50.3s
  ep  80  loss 0.85634  L_gap 0.85465  L_bnd 0.01684  |  MAE_val(macro) 0.55502  lr 3.13e-05  50.7s
  ep  81  loss 0.83272  L_gap 0.83107  L_bnd 0.01652  |  MAE_val(macro) 0.55414  lr 3.13e-05  50.8s
  ep  82  loss 0.81388  L_gap 0.81221  L_bnd 0.01663  |  MAE_val(macro) 0.55393  lr 3.13e-05  51.0s
  early stopping: 10 epoch khong cai thien.
  xong: MAE_val tot nhat 0.55389 tai epoch 72/82, 69.4 phut, 50.7 s/epoch. Ghi e2c_acc_lam0.1.json, e2c_acc_lam0.1.pt
  [co san] e2c_acc_lam0.5
  > D:\nam4_ky1\AI_4_IOT\Module 5 - PROJECT\G6\train.py --id e2c_acc_lam1 --lam 1.0 --acc
[e2c_acc_lam1] device=cpu | train S[1, 2, 3, 4, 5, 6, 7, 8, 9, 10] | val S[11, 12] | lam=1.0 | lstm=True | acc=True
  nap xong: train 43215 cua so, val 8475 cua so (5s)
  ep   1  loss 1.39335  L_gap 1.23468  L_bnd 0.15867  |  MAE_val(macro) 0.74641  lr 1.00e-03  50.3s
  ep   2  loss 1.20622  L_gap 1.16221  L_bnd 0.04401  |  MAE_val(macro) 0.70870  lr 1.00e-03  49.4s
  ep   3  loss 1.09910  L_gap 1.06479  L_bnd 0.03431  |  MAE_val(macro) 0.63698  lr 1.00e-03  50.0s
  ep   4  loss 1.06116  L_gap 1.03343  L_bnd 0.02773  |  MAE_val(macro) 0.61930  lr 1.00e-03  50.5s
  ep   5  loss 1.00687  L_gap 0.98372  L_bnd 0.02315  |  MAE_val(macro) 0.60539  lr 1.00e-03  50.9s
  ep   6  loss 0.99159  L_gap 0.97062  L_bnd 0.02097  |  MAE_val(macro) 0.60710  lr 1.00e-03  50.1s
  ep   7  loss 0.97800  L_gap 0.95833  L_bnd 0.01968  |  MAE_val(macro) 0.59883  lr 1.00e-03  50.6s
  ep   8  loss 0.93960  L_gap 0.92176  L_bnd 0.01784  |  MAE_val(macro) 0.59439  lr 1.00e-03  51.8s
  ep   9  loss 1.00650  L_gap 0.98884  L_bnd 0.01766  |  MAE_val(macro) 0.60382  lr 1.00e-03  51.2s
  ep  10  loss 0.98587  L_gap 0.96849  L_bnd 0.01738  |  MAE_val(macro) 0.60096  lr 1.00e-03  50.6s
  ep  11  loss 0.98740  L_gap 0.97079  L_bnd 0.01661  |  MAE_val(macro) 0.58881  lr 1.00e-03  50.6s
  ep  12  loss 0.95372  L_gap 0.93809  L_bnd 0.01564  |  MAE_val(macro) 0.58891  lr 1.00e-03  50.5s
  ep  13  loss 0.93537  L_gap 0.91989  L_bnd 0.01547  |  MAE_val(macro) 0.58152  lr 1.00e-03  50.9s
  ep  14  loss 0.96026  L_gap 0.94555  L_bnd 0.01471  |  MAE_val(macro) 0.57843  lr 1.00e-03  51.3s
  ep  15  loss 0.99818  L_gap 0.98336  L_bnd 0.01482  |  MAE_val(macro) 0.57973  lr 1.00e-03  50.4s
  ep  16  loss 0.96973  L_gap 0.95558  L_bnd 0.01415  |  MAE_val(macro) 0.57686  lr 1.00e-03  50.8s
  ep  17  loss 0.93457  L_gap 0.92063  L_bnd 0.01393  |  MAE_val(macro) 0.57750  lr 1.00e-03  51.2s
  ep  18  loss 0.93252  L_gap 0.91850  L_bnd 0.01402  |  MAE_val(macro) 0.57640  lr 1.00e-03  51.0s
  ep  19  loss 0.97730  L_gap 0.96363  L_bnd 0.01367  |  MAE_val(macro) 0.57309  lr 1.00e-03  50.9s
  ep  20  loss 0.88627  L_gap 0.87359  L_bnd 0.01268  |  MAE_val(macro) 0.57128  lr 1.00e-03  51.0s
  ep  21  loss 0.94112  L_gap 0.92830  L_bnd 0.01282  |  MAE_val(macro) 0.57051  lr 1.00e-03  50.8s
  ep  22  loss 0.91510  L_gap 0.90253  L_bnd 0.01257  |  MAE_val(macro) 0.57028  lr 1.00e-03  51.1s
  ep  23  loss 0.90404  L_gap 0.89199  L_bnd 0.01205  |  MAE_val(macro) 0.57359  lr 1.00e-03  50.8s
  ep  24  loss 0.91392  L_gap 0.90167  L_bnd 0.01226  |  MAE_val(macro) 0.56707  lr 1.00e-03  50.7s
  ep  25  loss 0.93129  L_gap 0.91905  L_bnd 0.01223  |  MAE_val(macro) 0.56538  lr 1.00e-03  50.8s
  ep  26  loss 0.88340  L_gap 0.87216  L_bnd 0.01124  |  MAE_val(macro) 0.56660  lr 1.00e-03  50.9s
  ep  27  loss 0.90224  L_gap 0.89091  L_bnd 0.01133  |  MAE_val(macro) 0.56318  lr 1.00e-03  51.0s
  ep  28  loss 0.91677  L_gap 0.90575  L_bnd 0.01102  |  MAE_val(macro) 0.56311  lr 1.00e-03  50.3s
  ep  29  loss 0.92590  L_gap 0.91420  L_bnd 0.01170  |  MAE_val(macro) 0.56545  lr 1.00e-03  50.8s
  ep  30  loss 0.93214  L_gap 0.92129  L_bnd 0.01084  |  MAE_val(macro) 0.56490  lr 1.00e-03  50.8s
  ep  31  loss 0.90129  L_gap 0.89042  L_bnd 0.01087  |  MAE_val(macro) 0.56223  lr 1.00e-03  51.7s
  ep  32  loss 0.92947  L_gap 0.91852  L_bnd 0.01096  |  MAE_val(macro) 0.56565  lr 1.00e-03  50.9s
  ep  33  loss 0.90868  L_gap 0.89843  L_bnd 0.01025  |  MAE_val(macro) 0.56092  lr 1.00e-03  50.8s
  ep  34  loss 0.89656  L_gap 0.88610  L_bnd 0.01045  |  MAE_val(macro) 0.56578  lr 1.00e-03  50.6s
  ep  35  loss 0.89565  L_gap 0.88506  L_bnd 0.01059  |  MAE_val(macro) 0.56827  lr 1.00e-03  51.0s
  ep  36  loss 0.89219  L_gap 0.88179  L_bnd 0.01040  |  MAE_val(macro) 0.56349  lr 1.00e-03  50.7s
  ep  37  loss 0.86898  L_gap 0.85890  L_bnd 0.01008  |  MAE_val(macro) 0.55889  lr 1.00e-03  50.7s
  ep  38  loss 0.93301  L_gap 0.92297  L_bnd 0.01004  |  MAE_val(macro) 0.55823  lr 1.00e-03  50.5s
  ep  39  loss 0.87686  L_gap 0.86680  L_bnd 0.01006  |  MAE_val(macro) 0.56232  lr 1.00e-03  50.9s
  ep  40  loss 0.94146  L_gap 0.93105  L_bnd 0.01041  |  MAE_val(macro) 0.56179  lr 1.00e-03  51.0s
  ep  41  loss 0.87279  L_gap 0.86261  L_bnd 0.01018  |  MAE_val(macro) 0.56207  lr 1.00e-03  50.2s
  ep  42  loss 0.90625  L_gap 0.89572  L_bnd 0.01053  |  MAE_val(macro) 0.55920  lr 1.00e-03  51.0s
  ep  43  loss 0.88988  L_gap 0.87975  L_bnd 0.01013  |  MAE_val(macro) 0.56103  lr 1.00e-03  51.1s
  ep  44  loss 0.88770  L_gap 0.87755  L_bnd 0.01016  |  MAE_val(macro) 0.55651  lr 1.00e-03  51.1s
  ep  45  loss 0.90940  L_gap 0.89938  L_bnd 0.01002  |  MAE_val(macro) 0.56065  lr 1.00e-03  50.8s
  ep  46  loss 0.90445  L_gap 0.89442  L_bnd 0.01003  |  MAE_val(macro) 0.55411  lr 1.00e-03  51.0s
  ep  47  loss 0.87198  L_gap 0.86250  L_bnd 0.00947  |  MAE_val(macro) 0.55726  lr 1.00e-03  50.6s
  ep  48  loss 0.90426  L_gap 0.89469  L_bnd 0.00956  |  MAE_val(macro) 0.55897  lr 1.00e-03  51.3s
  ep  49  loss 0.86870  L_gap 0.85924  L_bnd 0.00947  |  MAE_val(macro) 0.55931  lr 1.00e-03  50.6s
  ep  50  loss 0.88220  L_gap 0.87258  L_bnd 0.00962  |  MAE_val(macro) 0.55967  lr 1.00e-03  50.9s
  ep  51  loss 0.86696  L_gap 0.85743  L_bnd 0.00953  |  MAE_val(macro) 0.55780  lr 1.00e-03  51.2s
  ep  52  loss 0.89721  L_gap 0.88774  L_bnd 0.00948  |  MAE_val(macro) 0.55603  lr 5.00e-04  50.5s
  ep  53  loss 0.85000  L_gap 0.84193  L_bnd 0.00806  |  MAE_val(macro) 0.55219  lr 5.00e-04  51.1s
  ep  54  loss 0.84934  L_gap 0.84143  L_bnd 0.00791  |  MAE_val(macro) 0.55630  lr 5.00e-04  50.4s
  ep  55  loss 0.88094  L_gap 0.87309  L_bnd 0.00785  |  MAE_val(macro) 0.55391  lr 5.00e-04  51.3s
  ep  56  loss 0.89691  L_gap 0.88900  L_bnd 0.00792  |  MAE_val(macro) 0.55078  lr 5.00e-04  50.3s
  ep  57  loss 0.88525  L_gap 0.87760  L_bnd 0.00765  |  MAE_val(macro) 0.55119  lr 5.00e-04  51.1s
  ep  58  loss 0.85768  L_gap 0.84996  L_bnd 0.00772  |  MAE_val(macro) 0.54953  lr 5.00e-04  50.8s
  ep  59  loss 0.85935  L_gap 0.85182  L_bnd 0.00753  |  MAE_val(macro) 0.55240  lr 5.00e-04  50.6s
  ep  60  loss 0.90616  L_gap 0.89838  L_bnd 0.00779  |  MAE_val(macro) 0.55418  lr 5.00e-04  50.4s
  ep  61  loss 0.84967  L_gap 0.84186  L_bnd 0.00780  |  MAE_val(macro) 0.55134  lr 5.00e-04  50.7s
  ep  62  loss 0.84947  L_gap 0.84180  L_bnd 0.00766  |  MAE_val(macro) 0.55452  lr 5.00e-04  50.8s
  ep  63  loss 0.87683  L_gap 0.86897  L_bnd 0.00787  |  MAE_val(macro) 0.55171  lr 5.00e-04  50.7s
  ep  64  loss 0.90020  L_gap 0.89243  L_bnd 0.00776  |  MAE_val(macro) 0.55498  lr 2.50e-04  51.2s
  ep  65  loss 0.85645  L_gap 0.84951  L_bnd 0.00694  |  MAE_val(macro) 0.54788  lr 2.50e-04  50.4s
  ep  66  loss 0.85361  L_gap 0.84674  L_bnd 0.00687  |  MAE_val(macro) 0.54750  lr 2.50e-04  51.4s
  ep  67  loss 0.84617  L_gap 0.83937  L_bnd 0.00680  |  MAE_val(macro) 0.54981  lr 2.50e-04  51.1s
  ep  68  loss 0.85246  L_gap 0.84577  L_bnd 0.00668  |  MAE_val(macro) 0.54881  lr 2.50e-04  50.8s
  ep  69  loss 0.82388  L_gap 0.81719  L_bnd 0.00669  |  MAE_val(macro) 0.54740  lr 2.50e-04  50.5s
  ep  70  loss 0.85307  L_gap 0.84651  L_bnd 0.00656  |  MAE_val(macro) 0.54843  lr 2.50e-04  50.9s
  ep  71  loss 0.82102  L_gap 0.81440  L_bnd 0.00661  |  MAE_val(macro) 0.55105  lr 2.50e-04  50.4s
  ep  72  loss 0.87257  L_gap 0.86591  L_bnd 0.00666  |  MAE_val(macro) 0.54948  lr 2.50e-04  50.5s
  ep  73  loss 0.84982  L_gap 0.84312  L_bnd 0.00670  |  MAE_val(macro) 0.54900  lr 2.50e-04  50.8s
  ep  74  loss 0.86196  L_gap 0.85524  L_bnd 0.00672  |  MAE_val(macro) 0.55084  lr 2.50e-04  50.8s
  ep  75  loss 0.85703  L_gap 0.85020  L_bnd 0.00683  |  MAE_val(macro) 0.54758  lr 1.25e-04  51.1s
  ep  76  loss 0.86329  L_gap 0.85681  L_bnd 0.00649  |  MAE_val(macro) 0.54878  lr 1.25e-04  50.5s
  ep  77  loss 0.83279  L_gap 0.82651  L_bnd 0.00628  |  MAE_val(macro) 0.54768  lr 1.25e-04  50.8s
  ep  78  loss 0.85144  L_gap 0.84517  L_bnd 0.00626  |  MAE_val(macro) 0.54797  lr 1.25e-04  51.3s
  ep  79  loss 0.85439  L_gap 0.84796  L_bnd 0.00643  |  MAE_val(macro) 0.54774  lr 1.25e-04  51.3s
  early stopping: 10 epoch khong cai thien.
  xong: MAE_val tot nhat 0.54740 tai epoch 69/79, 66.9 phut, 50.8 s/epoch. Ghi e2c_acc_lam1.json, e2c_acc_lam1.pt
  e2a_nolstm: MAE_val theo lambda {'e2a_nolstm_lam0': 0.68568, 'e2a_nolstm_lam0.1': 0.68777, 'e2a_nolstm_lam0.5': 0.68623, 'e2a_nolstm_lam1': 0.68562} | tot nhat: e2a_nolstm_lam1
  e2c_acc: MAE_val theo lambda {'e2c_acc_lam0': 0.55515, 'e2c_acc_lam0.1': 0.55389, 'e2c_acc_lam0.5': 0.54959, 'e2c_acc_lam1': 0.5474} | tot nhat: e2c_acc_lam1
  (b) lambda=0 dung lai e4_lam0
Tong thoi gian buoc e2: 215.4 phut
