[e4_lam1] device=cpu | train S[1, 2, 3, 4, 5, 6, 7, 8, 9, 10] | val S[11, 12] | lam=1.0 | lstm=True | acc=False
  nap xong: train 43215 cua so, val 8475 cua so (2s)
  ep   1  loss 1.28766  L_gap 1.19938  L_bnd 0.08828  |  MAE_val(macro) 0.72948  lr 1.00e-03  21.8s
  ep   2  loss 1.17917  L_gap 1.15661  L_bnd 0.02255  |  MAE_val(macro) 0.71864  lr 1.00e-03  20.7s
  ep   3  loss 1.15665  L_gap 1.13752  L_bnd 0.01913  |  MAE_val(macro) 0.70540  lr 1.00e-03  20.3s
  ep   4  loss 1.13816  L_gap 1.11743  L_bnd 0.02073  |  MAE_val(macro) 0.64929  lr 1.00e-03  20.5s
  ep   5  loss 1.04138  L_gap 1.02266  L_bnd 0.01872  |  MAE_val(macro) 0.63835  lr 1.00e-03  21.1s
  ep   6  loss 1.00817  L_gap 0.99094  L_bnd 0.01724  |  MAE_val(macro) 0.61585  lr 1.00e-03  21.2s
  ep   7  loss 0.98492  L_gap 0.96903  L_bnd 0.01589  |  MAE_val(macro) 0.60333  lr 1.00e-03  22.0s
  ep   8  loss 0.94314  L_gap 0.92875  L_bnd 0.01439  |  MAE_val(macro) 0.60078  lr 1.00e-03  22.1s
  ep   9  loss 1.00992  L_gap 0.99538  L_bnd 0.01454  |  MAE_val(macro) 0.60214  lr 1.00e-03  22.2s
  ep  10  loss 0.98768  L_gap 0.97349  L_bnd 0.01419  |  MAE_val(macro) 0.60655  lr 1.00e-03  23.3s
  ep  11  loss 0.98776  L_gap 0.97489  L_bnd 0.01286  |  MAE_val(macro) 0.58706  lr 1.00e-03  22.3s
  ep  12  loss 0.95662  L_gap 0.94410  L_bnd 0.01252  |  MAE_val(macro) 0.59171  lr 1.00e-03  21.9s
  ep  13  loss 0.93781  L_gap 0.92570  L_bnd 0.01211  |  MAE_val(macro) 0.58532  lr 1.00e-03  21.4s
  ep  14  loss 0.96239  L_gap 0.95110  L_bnd 0.01128  |  MAE_val(macro) 0.58236  lr 1.00e-03  21.5s
  ep  15  loss 1.00210  L_gap 0.99054  L_bnd 0.01156  |  MAE_val(macro) 0.58028  lr 1.00e-03  28.8s
  ep  16  loss 0.97442  L_gap 0.96357  L_bnd 0.01085  |  MAE_val(macro) 0.57880  lr 1.00e-03  27.0s
  ep  17  loss 0.93992  L_gap 0.92926  L_bnd 0.01066  |  MAE_val(macro) 0.58226  lr 1.00e-03  22.7s
  ep  18  loss 0.93564  L_gap 0.92486  L_bnd 0.01078  |  MAE_val(macro) 0.57855  lr 1.00e-03  21.9s
  ep  19  loss 0.98046  L_gap 0.96975  L_bnd 0.01070  |  MAE_val(macro) 0.56946  lr 1.00e-03  22.0s
  ep  20  loss 0.89015  L_gap 0.88031  L_bnd 0.00984  |  MAE_val(macro) 0.57251  lr 1.00e-03  24.5s
  ep  21  loss 0.94582  L_gap 0.93603  L_bnd 0.00978  |  MAE_val(macro) 0.57312  lr 1.00e-03  24.7s
  ep  22  loss 0.92104  L_gap 0.91128  L_bnd 0.00977  |  MAE_val(macro) 0.57247  lr 1.00e-03  22.6s
  ep  23  loss 0.91006  L_gap 0.90066  L_bnd 0.00940  |  MAE_val(macro) 0.56887  lr 1.00e-03  24.8s
  ep  24  loss 0.91709  L_gap 0.90786  L_bnd 0.00924  |  MAE_val(macro) 0.56892  lr 1.00e-03  22.0s
  ep  25  loss 0.93652  L_gap 0.92715  L_bnd 0.00937  |  MAE_val(macro) 0.56622  lr 1.00e-03  21.8s
  ep  26  loss 0.88901  L_gap 0.88063  L_bnd 0.00837  |  MAE_val(macro) 0.56522  lr 1.00e-03  22.6s
  ep  27  loss 0.90664  L_gap 0.89810  L_bnd 0.00854  |  MAE_val(macro) 0.56380  lr 1.00e-03  21.7s
  ep  28  loss 0.92054  L_gap 0.91236  L_bnd 0.00818  |  MAE_val(macro) 0.56568  lr 1.00e-03  55.3s
  ep  29  loss 0.92992  L_gap 0.92136  L_bnd 0.00856  |  MAE_val(macro) 0.56190  lr 1.00e-03  26.6s
  ep  30  loss 0.93753  L_gap 0.92910  L_bnd 0.00843  |  MAE_val(macro) 0.56149  lr 1.00e-03  21.6s
  ep  31  loss 0.90533  L_gap 0.89740  L_bnd 0.00793  |  MAE_val(macro) 0.56425  lr 1.00e-03  27.4s
  ep  32  loss 0.93411  L_gap 0.92619  L_bnd 0.00792  |  MAE_val(macro) 0.56737  lr 1.00e-03  21.1s
  ep  33  loss 0.91329  L_gap 0.90566  L_bnd 0.00763  |  MAE_val(macro) 0.56210  lr 1.00e-03  21.8s
  ep  34  loss 0.90249  L_gap 0.89461  L_bnd 0.00787  |  MAE_val(macro) 0.56305  lr 1.00e-03  22.3s
  ep  35  loss 0.90136  L_gap 0.89380  L_bnd 0.00755  |  MAE_val(macro) 0.56307  lr 1.00e-03  22.0s
  ep  36  loss 0.89646  L_gap 0.88891  L_bnd 0.00755  |  MAE_val(macro) 0.56335  lr 5.00e-04  21.9s
  ep  37  loss 0.86729  L_gap 0.86106  L_bnd 0.00623  |  MAE_val(macro) 0.55410  lr 5.00e-04  21.4s
  ep  38  loss 0.92883  L_gap 0.92279  L_bnd 0.00604  |  MAE_val(macro) 0.55230  lr 5.00e-04  21.7s
  ep  39  loss 0.87579  L_gap 0.86990  L_bnd 0.00589  |  MAE_val(macro) 0.55309  lr 5.00e-04  22.5s
  ep  40  loss 0.93803  L_gap 0.93197  L_bnd 0.00606  |  MAE_val(macro) 0.55713  lr 5.00e-04  21.4s
  ep  41  loss 0.86893  L_gap 0.86297  L_bnd 0.00596  |  MAE_val(macro) 0.55530  lr 5.00e-04  22.1s
  ep  42  loss 0.90353  L_gap 0.89752  L_bnd 0.00601  |  MAE_val(macro) 0.55178  lr 5.00e-04  22.1s
  ep  43  loss 0.88724  L_gap 0.88110  L_bnd 0.00613  |  MAE_val(macro) 0.55367  lr 5.00e-04  21.5s
  ep  44  loss 0.88679  L_gap 0.88069  L_bnd 0.00610  |  MAE_val(macro) 0.55148  lr 5.00e-04  22.9s
  ep  45  loss 0.90912  L_gap 0.90323  L_bnd 0.00589  |  MAE_val(macro) 0.55681  lr 5.00e-04  37.2s
  ep  46  loss 0.90365  L_gap 0.89780  L_bnd 0.00585  |  MAE_val(macro) 0.55152  lr 5.00e-04  34.8s
  ep  47  loss 0.87468  L_gap 0.86901  L_bnd 0.00567  |  MAE_val(macro) 0.55008  lr 5.00e-04  31.2s
  ep  48  loss 0.90376  L_gap 0.89802  L_bnd 0.00574  |  MAE_val(macro) 0.55175  lr 5.00e-04  26.6s
  ep  49  loss 0.87032  L_gap 0.86469  L_bnd 0.00563  |  MAE_val(macro) 0.55269  lr 5.00e-04  24.0s
  ep  50  loss 0.88511  L_gap 0.87930  L_bnd 0.00581  |  MAE_val(macro) 0.55169  lr 5.00e-04  23.6s
  ep  51  loss 0.86876  L_gap 0.86313  L_bnd 0.00563  |  MAE_val(macro) 0.55104  lr 5.00e-04  24.1s
  ep  52  loss 0.90074  L_gap 0.89500  L_bnd 0.00575  |  MAE_val(macro) 0.55126  lr 5.00e-04  23.4s
  ep  53  loss 0.86282  L_gap 0.85707  L_bnd 0.00575  |  MAE_val(macro) 0.54995  lr 5.00e-04  23.4s
  ep  54  loss 0.86573  L_gap 0.86009  L_bnd 0.00564  |  MAE_val(macro) 0.55512  lr 5.00e-04  23.8s
  ep  55  loss 0.89606  L_gap 0.89059  L_bnd 0.00547  |  MAE_val(macro) 0.55240  lr 5.00e-04  23.2s
  ep  56  loss 0.91333  L_gap 0.90759  L_bnd 0.00574  |  MAE_val(macro) 0.55078  lr 5.00e-04  23.2s
  ep  57  loss 0.90100  L_gap 0.89548  L_bnd 0.00552  |  MAE_val(macro) 0.55072  lr 5.00e-04  23.8s
  ep  58  loss 0.87409  L_gap 0.86826  L_bnd 0.00583  |  MAE_val(macro) 0.55040  lr 5.00e-04  23.2s
  ep  59  loss 0.87865  L_gap 0.87334  L_bnd 0.00531  |  MAE_val(macro) 0.55159  lr 2.50e-04  24.8s
  ep  60  loss 0.92007  L_gap 0.91538  L_bnd 0.00469  |  MAE_val(macro) 0.54700  lr 2.50e-04  24.2s
  ep  61  loss 0.86038  L_gap 0.85558  L_bnd 0.00480  |  MAE_val(macro) 0.54733  lr 2.50e-04  23.7s
  ep  62  loss 0.86391  L_gap 0.85918  L_bnd 0.00473  |  MAE_val(macro) 0.54737  lr 2.50e-04  23.9s
  ep  63  loss 0.88875  L_gap 0.88410  L_bnd 0.00465  |  MAE_val(macro) 0.54716  lr 2.50e-04  23.9s
  ep  64  loss 0.91092  L_gap 0.90620  L_bnd 0.00473  |  MAE_val(macro) 0.54727  lr 2.50e-04  23.3s
  ep  65  loss 0.87441  L_gap 0.86979  L_bnd 0.00462  |  MAE_val(macro) 0.54691  lr 2.50e-04  24.2s
  ep  66  loss 0.87618  L_gap 0.87147  L_bnd 0.00472  |  MAE_val(macro) 0.54777  lr 2.50e-04  23.6s
  ep  67  loss 0.86680  L_gap 0.86216  L_bnd 0.00463  |  MAE_val(macro) 0.54552  lr 2.50e-04  28.1s
  ep  68  loss 0.87317  L_gap 0.86849  L_bnd 0.00468  |  MAE_val(macro) 0.54661  lr 2.50e-04  23.1s
  ep  69  loss 0.84369  L_gap 0.83904  L_bnd 0.00464  |  MAE_val(macro) 0.54643  lr 2.50e-04  23.8s
  ep  70  loss 0.87347  L_gap 0.86899  L_bnd 0.00447  |  MAE_val(macro) 0.54604  lr 2.50e-04  23.4s
  ep  71  loss 0.83968  L_gap 0.83516  L_bnd 0.00452  |  MAE_val(macro) 0.54653  lr 2.50e-04  23.9s
  ep  72  loss 0.89383  L_gap 0.88926  L_bnd 0.00457  |  MAE_val(macro) 0.54620  lr 2.50e-04  23.5s
  ep  73  loss 0.87313  L_gap 0.86858  L_bnd 0.00455  |  MAE_val(macro) 0.54513  lr 2.50e-04  24.4s
  ep  74  loss 0.88798  L_gap 0.88345  L_bnd 0.00453  |  MAE_val(macro) 0.54723  lr 2.50e-04  23.4s
  ep  75  loss 0.88123  L_gap 0.87666  L_bnd 0.00456  |  MAE_val(macro) 0.54561  lr 2.50e-04  23.3s
  ep  76  loss 0.88954  L_gap 0.88478  L_bnd 0.00475  |  MAE_val(macro) 0.54556  lr 2.50e-04  24.0s
  ep  77  loss 0.85677  L_gap 0.85218  L_bnd 0.00458  |  MAE_val(macro) 0.54668  lr 2.50e-04  23.5s
  ep  78  loss 0.87817  L_gap 0.87360  L_bnd 0.00458  |  MAE_val(macro) 0.54504  lr 2.50e-04  23.5s
  ep  79  loss 0.88432  L_gap 0.87970  L_bnd 0.00462  |  MAE_val(macro) 0.54682  lr 2.50e-04  24.1s
  ep  80  loss 0.89728  L_gap 0.89277  L_bnd 0.00450  |  MAE_val(macro) 0.54653  lr 2.50e-04  23.4s
  ep  81  loss 0.87178  L_gap 0.86723  L_bnd 0.00455  |  MAE_val(macro) 0.54667  lr 2.50e-04  27.9s
  ep  82  loss 0.84608  L_gap 0.84149  L_bnd 0.00459  |  MAE_val(macro) 0.54554  lr 2.50e-04  22.9s
  ep  83  loss 0.85485  L_gap 0.85042  L_bnd 0.00443  |  MAE_val(macro) 0.54321  lr 2.50e-04  23.4s
  ep  84  loss 0.86559  L_gap 0.86098  L_bnd 0.00461  |  MAE_val(macro) 0.54417  lr 2.50e-04  25.5s
  ep  85  loss 0.88543  L_gap 0.88101  L_bnd 0.00442  |  MAE_val(macro) 0.55025  lr 2.50e-04  23.1s
  ep  86  loss 0.85348  L_gap 0.84908  L_bnd 0.00440  |  MAE_val(macro) 0.54488  lr 2.50e-04  23.2s
  ep  87  loss 0.83252  L_gap 0.82811  L_bnd 0.00441  |  MAE_val(macro) 0.54475  lr 2.50e-04  24.0s
  ep  88  loss 0.88129  L_gap 0.87678  L_bnd 0.00452  |  MAE_val(macro) 0.55154  lr 2.50e-04  23.4s
  ep  89  loss 0.85010  L_gap 0.84557  L_bnd 0.00453  |  MAE_val(macro) 0.54509  lr 1.25e-04  23.5s
  ep  90  loss 0.89801  L_gap 0.89399  L_bnd 0.00402  |  MAE_val(macro) 0.54239  lr 1.25e-04  23.9s
  ep  91  loss 0.85390  L_gap 0.84987  L_bnd 0.00403  |  MAE_val(macro) 0.54477  lr 1.25e-04  23.2s
  ep  92  loss 0.83784  L_gap 0.83380  L_bnd 0.00404  |  MAE_val(macro) 0.54220  lr 1.25e-04  23.5s
  ep  93  loss 0.87795  L_gap 0.87390  L_bnd 0.00405  |  MAE_val(macro) 0.54314  lr 1.25e-04  24.5s
  ep  94  loss 0.88143  L_gap 0.87737  L_bnd 0.00407  |  MAE_val(macro) 0.54179  lr 1.25e-04  23.7s
  ep  95  loss 0.86673  L_gap 0.86257  L_bnd 0.00416  |  MAE_val(macro) 0.54278  lr 1.25e-04  23.9s
  ep  96  loss 0.85058  L_gap 0.84653  L_bnd 0.00404  |  MAE_val(macro) 0.54159  lr 1.25e-04  23.4s
  ep  97  loss 0.83900  L_gap 0.83493  L_bnd 0.00407  |  MAE_val(macro) 0.54322  lr 1.25e-04  23.2s
  ep  98  loss 0.89532  L_gap 0.89127  L_bnd 0.00405  |  MAE_val(macro) 0.54304  lr 1.25e-04  24.7s
  ep  99  loss 0.89051  L_gap 0.88650  L_bnd 0.00401  |  MAE_val(macro) 0.54276  lr 1.25e-04  23.1s
  ep 100  loss 0.84469  L_gap 0.84081  L_bnd 0.00388  |  MAE_val(macro) 0.54446  lr 1.25e-04  23.4s
  xong: MAE_val tot nhat 0.54159 tai epoch 96/100, 39.9 phut, 24.0 s/epoch. Ghi e4_lam1.json, e4_lam1.pt
